../Core/Src/main.c:87:6:HAL_TIM_IC_CaptureCallback	16	static
../Core/Src/main.c:99:5:main	88	static
../Core/Src/main.c:346:6:SystemClock_Config	88	static
../Core/Src/main.c:393:13:MX_I2C1_Init	8	static
../Core/Src/main.c:427:13:MX_TIM1_Init	96	static
../Core/Src/main.c:502:13:MX_TIM2_Init	56	static
../Core/Src/main.c:551:13:MX_TIM4_Init	64	static
../Core/Src/main.c:610:13:MX_USART1_UART_Init	8	static
../Core/Src/main.c:643:13:MX_GPIO_Init	56	static
../Core/Src/main.c:694:13:Motor_Control	16	static
../Core/Src/main.c:707:13:MX_TIM3_Init	48	static
../Core/Src/main.c:756:6:Error_Handler	4	static,ignoring_inline_asm
